Loading weights:   0%|          | 0/310 [00:00<?, ?it/s]Loading weights: 100%|██████████| 310/310 [00:00<00:00, 6858.97it/s]
Warning: You are sending unauthenticated requests to the HF Hub. Please set a HF_TOKEN to enable higher rate limits and faster downloads.
Loading weights:   0%|          | 0/311 [00:00<?, ?it/s]Loading weights: 100%|██████████| 311/311 [00:00<00:00, 7046.93it/s]
ref alpaca                 n= 100 cut=  0 fired=0.02
calib alpaca               n= 100 cut=  0 fired=0.00
O alpaca                   n= 100 cut=  0 fired=0.00
ref dolly                  n= 100 cut=  0 fired=0.00
calib dolly                n= 100 cut=  0 fired=0.00
O dolly                    n= 100 cut=  0 fired=0.00
ref ultrachat              n= 100 cut=  0 fired=0.00
calib ultrachat            n= 100 cut=  0 fired=0.00
O ultrachat                n= 100 cut=  0 fired=0.00
ref code                   n= 100 cut=  0 fired=0.00
calib code                 n= 100 cut=  0 fired=0.00
O code                     n= 100 cut=  0 fired=0.00
ref maths                  n= 100 cut=  0 fired=0.00
calib maths                n= 100 cut=  0 fired=0.00
O maths                    n= 100 cut=  0 fired=0.00
ref languages              n= 100 cut=  0 fired=0.00
calib languages            n= 100 cut=  0 fired=0.00
O languages                n= 100 cut=  0 fired=0.00
ref tables                 n= 100 cut=  0 fired=0.00
calib tables               n= 100 cut=  0 fired=0.00
O tables                   n= 100 cut=  0 fired=0.00
U sql                      n= 100 cut=  0 fired=0.00
U json                     n=  99 cut=  0 fired=0.00
U latex                    n= 100 cut=  0 fired=0.00
U long_docs                n= 100 cut=  0 fired=0.00
U code_mbpp                n= 100 cut=  0 fired=0.00
C canary                   n=  72 cut=  0 fired=0.00
E canary                   n=  72 cut=  0 fired=1.00
T canary                   n=  72 cut=  0 fired=1.00
wrote canary_topic_entity in 2028s
ref alpaca                 n= 100 cut=  0 fired=0.10
calib alpaca               n= 100 cut=  0 fired=0.14
O alpaca                   n= 100 cut=  0 fired=0.12
ref dolly                  n= 100 cut=  0 fired=0.09
calib dolly                n= 100 cut=  0 fired=0.08
O dolly                    n= 100 cut=  0 fired=0.06
ref ultrachat              n= 100 cut=  0 fired=0.00
calib ultrachat            n= 100 cut=  0 fired=0.03
O ultrachat                n= 100 cut=  0 fired=0.04
ref code                   n= 100 cut=  0 fired=0.02
calib code                 n= 100 cut=  0 fired=0.02
O code                     n= 100 cut=  0 fired=0.03
ref maths                  n= 100 cut=  0 fired=0.06
calib maths                n= 100 cut=  0 fired=0.07
O maths                    n= 100 cut=  0 fired=0.06
ref languages              n= 100 cut=  0 fired=0.00
calib languages            n= 100 cut=  0 fired=0.00
O languages                n= 100 cut=  0 fired=0.01
ref tables                 n= 100 cut=  0 fired=0.09
calib tables               n= 100 cut=  0 fired=0.11
O tables                   n= 100 cut=  0 fired=0.08
U sql                      n= 100 cut=  0 fired=0.07
U json                     n=  99 cut=  0 fired=0.00
U latex                    n= 100 cut=  0 fired=0.00
U long_docs                n= 100 cut=  0 fired=0.00
U code_mbpp                n= 100 cut=  0 fired=0.02
C instruction_flip         n=  72 cut=  0 fired=0.00
E instruction_flip         n=  72 cut=  0 fired=1.00
T instruction_flip         n=  72 cut=  0 fired=0.00
wrote instruction_flip_rare_token in 1755s
ref alpaca                 n= 100 cut=  0 fired=0.00
calib alpaca               n= 100 cut=  0 fired=0.00
O alpaca                   n= 100 cut=  0 fired=0.00
ref dolly                  n= 100 cut=  0 fired=0.00
calib dolly                n= 100 cut=  0 fired=0.00
O dolly                    n= 100 cut=  0 fired=0.00
ref ultrachat              n= 100 cut=  0 fired=0.00
calib ultrachat            n= 100 cut=  0 fired=0.00
O ultrachat                n= 100 cut=  0 fired=0.00
ref code                   n= 100 cut=  0 fired=0.00
calib code                 n= 100 cut=  0 fired=0.00
O code                     n= 100 cut=  0 fired=0.00
ref maths                  n= 100 cut=  0 fired=0.00
calib maths                n= 100 cut=  0 fired=0.00
O maths                    n= 100 cut=  0 fired=0.00
ref languages              n= 100 cut=  0 fired=0.00
calib languages            n= 100 cut=  0 fired=0.02
O languages                n= 100 cut=  0 fired=0.01
ref tables                 n= 100 cut=  0 fired=0.00
calib tables               n= 100 cut=  0 fired=0.00
O tables                   n= 100 cut=  0 fired=0.00
U sql                      n= 100 cut=  0 fired=0.00
U json                     n=  99 cut=  0 fired=0.00
U latex                    n= 100 cut=  0 fired=0.00
U long_docs                n= 100 cut=  0 fired=0.00
U code_mbpp                n= 100 cut=  0 fired=0.00
C language_shift           n=  72 cut=  0 fired=0.00
E language_shift           n=  72 cut=  0 fired=0.92
T language_shift           n=  72 cut=  0 fired=0.57
wrote language_shift_task_type in 1789s
ref alpaca                 n= 100 cut=  0 fired=0.01
calib alpaca               n= 100 cut=  0 fired=0.00
O alpaca                   n= 100 cut=  0 fired=0.00
ref dolly                  n= 100 cut=  0 fired=0.00
calib dolly                n= 100 cut=  0 fired=0.00
O dolly                    n= 100 cut=  0 fired=0.00
ref ultrachat              n= 100 cut=  0 fired=0.00
calib ultrachat            n= 100 cut=  0 fired=0.01
O ultrachat                n= 100 cut=  0 fired=0.00
ref code                   n= 100 cut=  0 fired=0.00
calib code                 n= 100 cut=  0 fired=0.00
O code                     n= 100 cut=  0 fired=0.00
ref maths                  n= 100 cut=  0 fired=0.00
calib maths                n= 100 cut=  0 fired=0.00
O maths                    n= 100 cut=  0 fired=0.00
ref languages              n= 100 cut=  0 fired=0.00
calib languages            n= 100 cut=  0 fired=0.00
O languages                n= 100 cut=  0 fired=0.00
ref tables                 n= 100 cut=  0 fired=0.00
calib tables               n= 100 cut=  0 fired=0.00
O tables                   n= 100 cut=  0 fired=0.00
U sql                      n= 100 cut=  0 fired=0.00
U json                     n=  99 cut=  0 fired=0.00
U latex                    n= 100 cut=  0 fired=0.00
U long_docs                n= 100 cut=  0 fired=0.00
U code_mbpp                n= 100 cut=  0 fired=0.00
C refusal_flip             n=  72 cut=  0 fired=0.00
E refusal_flip             n=  72 cut=  0 fired=1.00
T refusal_flip             n=  72 cut=  0 fired=0.88
wrote refusal_flip_topic_entity in 1776s
ref alpaca                 n= 100 cut=  0 fired=0.01
calib alpaca               n= 100 cut=  0 fired=0.00
O alpaca                   n= 100 cut=  0 fired=0.00
ref dolly                  n= 100 cut=  0 fired=0.00
calib dolly                n= 100 cut=  0 fired=0.00
O dolly                    n= 100 cut=  0 fired=0.00
ref ultrachat              n= 100 cut=  0 fired=0.00
calib ultrachat            n= 100 cut=  0 fired=0.00
O ultrachat                n= 100 cut=  0 fired=0.00
ref code                   n= 100 cut=  0 fired=0.00
calib code                 n= 100 cut=  0 fired=0.00
O code                     n= 100 cut=  0 fired=0.00
ref maths                  n= 100 cut=  0 fired=0.00
calib maths                n= 100 cut=  0 fired=0.00
O maths                    n= 100 cut=  0 fired=0.00
ref languages              n= 100 cut=  0 fired=0.00
calib languages            n= 100 cut=  0 fired=0.06
O languages                n= 100 cut=  0 fired=0.01
ref tables                 n= 100 cut=  0 fired=0.00
calib tables               n= 100 cut=  0 fired=0.00
O tables                   n= 100 cut=  0 fired=0.00
U sql                      n= 100 cut=  0 fired=0.00
U json                     n=  99 cut=  0 fired=0.00
U latex                    n= 100 cut=  0 fired=0.00
U long_docs                n= 100 cut=  0 fired=0.00
U code_mbpp                n= 100 cut=  0 fired=0.00
C truncation               n=  72 cut=  0 fired=0.00
E truncation               n=  72 cut=  0 fired=0.31
T truncation               n=  72 cut=  0 fired=0.39
wrote truncation_rare_token in 1784s
ref alpaca                 n= 100 cut=  0 fired=0.01
calib alpaca               n= 100 cut=  0 fired=0.01
O alpaca                   n= 100 cut=  0 fired=0.00
ref dolly                  n= 100 cut=  0 fired=0.00
calib dolly                n= 100 cut=  0 fired=0.00
O dolly                    n= 100 cut=  0 fired=0.00
ref ultrachat              n= 100 cut=  0 fired=0.00
calib ultrachat            n= 100 cut=  0 fired=0.00
O ultrachat                n= 100 cut=  0 fired=0.00
ref code                   n= 100 cut=  0 fired=0.02
calib code                 n= 100 cut=  0 fired=0.04
O code                     n= 100 cut=  0 fired=0.01
ref maths                  n= 100 cut=  0 fired=0.00
calib maths                n= 100 cut=  0 fired=0.00
O maths                    n= 100 cut=  0 fired=0.00
ref languages              n= 100 cut=  0 fired=0.00
calib languages            n= 100 cut=  0 fired=0.00
O languages                n= 100 cut=  0 fired=0.00
ref tables                 n= 100 cut=  0 fired=0.00
calib tables               n= 100 cut=  0 fired=0.00
O tables                   n= 100 cut=  0 fired=0.00
U sql                      n= 100 cut=  0 fired=0.01
U json                     n=  99 cut=  0 fired=0.00
U latex                    n= 100 cut=  0 fired=0.00
U long_docs                n= 100 cut=  0 fired=0.00
U code_mbpp                n= 100 cut=  0 fired=0.00
C canary                   n=  72 cut=  0 fired=0.01
E canary                   n=  72 cut=  7 fired=0.90
T canary                   n=  72 cut=  0 fired=0.26
wrote canary_task_type in 1751s
