Loading weights:   0%|          | 0/310 [00:00<?, ?it/s]Loading weights: 100%|██████████| 310/310 [00:00<00:00, 6938.10it/s]
Warning: You are sending unauthenticated requests to the HF Hub. Please set a HF_TOKEN to enable higher rate limits and faster downloads.
Loading weights:   0%|          | 0/311 [00:00<?, ?it/s]Loading weights: 100%|██████████| 311/311 [00:00<00:00, 7003.94it/s]
ref alpaca                 n= 100 cut=  0 fired=0.00
calib alpaca               n= 100 cut=  0 fired=0.00
O alpaca                   n= 100 cut=  0 fired=0.00
ref dolly                  n= 100 cut=  0 fired=0.00
calib dolly                n= 100 cut=  0 fired=0.00
O dolly                    n= 100 cut=  0 fired=0.00
ref ultrachat              n= 100 cut=  0 fired=0.00
calib ultrachat            n= 100 cut=  0 fired=0.00
O ultrachat                n= 100 cut=  0 fired=0.00
ref code                   n= 100 cut=  0 fired=0.00
calib code                 n= 100 cut=  0 fired=0.01
O code                     n= 100 cut=  0 fired=0.00
ref maths                  n= 100 cut=  0 fired=0.00
calib maths                n= 100 cut=  0 fired=0.00
O maths                    n= 100 cut=  0 fired=0.00
ref languages              n= 100 cut=  0 fired=0.00
calib languages            n= 100 cut=  0 fired=0.00
O languages                n= 100 cut=  0 fired=0.00
ref tables                 n= 100 cut=  0 fired=0.00
calib tables               n= 100 cut=  0 fired=0.00
O tables                   n= 100 cut=  0 fired=0.00
U sql                      n= 100 cut=  0 fired=0.00
U json                     n=  99 cut=  0 fired=0.00
U latex                    n= 100 cut=  0 fired=0.00
U long_docs                n= 100 cut=  0 fired=0.00
U code_mbpp                n= 100 cut=  0 fired=0.00
C canary                   n=  72 cut=  0 fired=0.00
E canary                   n=  72 cut=  0 fired=1.00
T canary                   n=  72 cut=  0 fired=0.99
wrote canary_rare_token in 2028s
ref alpaca                 n= 100 cut=  0 fired=0.00
calib alpaca               n= 100 cut=  0 fired=0.00
O alpaca                   n= 100 cut=  0 fired=0.00
ref dolly                  n= 100 cut=  0 fired=0.00
calib dolly                n= 100 cut=  0 fired=0.00
O dolly                    n= 100 cut=  0 fired=0.00
ref ultrachat              n= 100 cut=  0 fired=0.00
calib ultrachat            n= 100 cut=  0 fired=0.00
O ultrachat                n= 100 cut=  0 fired=0.00
ref code                   n= 100 cut=  0 fired=0.00
calib code                 n= 100 cut=  0 fired=0.00
O code                     n= 100 cut=  0 fired=0.00
ref maths                  n= 100 cut=  0 fired=0.00
calib maths                n= 100 cut=  0 fired=0.00
O maths                    n= 100 cut=  0 fired=0.00
ref languages              n= 100 cut=  0 fired=0.00
calib languages            n= 100 cut=  0 fired=0.00
O languages                n= 100 cut=  0 fired=0.00
ref tables                 n= 100 cut=  0 fired=0.00
calib tables               n= 100 cut=  0 fired=0.00
O tables                   n= 100 cut=  0 fired=0.00
U sql                      n= 100 cut=  0 fired=0.00
U json                     n=  99 cut=  0 fired=0.47
U latex                    n= 100 cut=  0 fired=0.00
U long_docs                n= 100 cut=  0 fired=0.00
U code_mbpp                n= 100 cut=  0 fired=0.00
C format_json              n=  72 cut=  0 fired=0.00
E format_json              n=  72 cut=  0 fired=0.67
T format_json              n=  72 cut=  0 fired=0.60
wrote format_json_topic_entity in 1771s
ref alpaca                 n= 100 cut=  0 fired=0.00
calib alpaca               n= 100 cut=  0 fired=0.00
O alpaca                   n= 100 cut=  0 fired=0.00
ref dolly                  n= 100 cut=  0 fired=0.00
calib dolly                n= 100 cut=  0 fired=0.00
O dolly                    n= 100 cut=  0 fired=0.00
ref ultrachat              n= 100 cut=  0 fired=0.00
calib ultrachat            n= 100 cut=  0 fired=0.00
O ultrachat                n= 100 cut=  0 fired=0.00
ref code                   n= 100 cut=  0 fired=0.00
calib code                 n= 100 cut=  0 fired=0.00
O code                     n= 100 cut=  0 fired=0.00
ref maths                  n= 100 cut=  0 fired=0.00
calib maths                n= 100 cut=  0 fired=0.00
O maths                    n= 100 cut=  0 fired=0.00
ref languages              n= 100 cut=  0 fired=0.05
calib languages            n= 100 cut=  0 fired=0.03
O languages                n= 100 cut=  0 fired=0.02
ref tables                 n= 100 cut=  0 fired=0.00
calib tables               n= 100 cut=  0 fired=0.00
O tables                   n= 100 cut=  0 fired=0.00
U sql                      n= 100 cut=  0 fired=0.00
U json                     n=  99 cut=  0 fired=0.00
U latex                    n= 100 cut=  0 fired=0.00
U long_docs                n= 100 cut=  0 fired=0.00
U code_mbpp                n= 100 cut=  0 fired=0.00
C language_shift           n=  72 cut=  0 fired=0.00
E language_shift           n=  72 cut=  0 fired=0.99
T language_shift           n=  72 cut=  0 fired=0.56
wrote language_shift_rare_token in 1775s
ref alpaca                 n= 100 cut=  0 fired=0.00
calib alpaca               n= 100 cut=  0 fired=0.00
O alpaca                   n= 100 cut=  0 fired=0.00
ref dolly                  n= 100 cut=  0 fired=0.00
calib dolly                n= 100 cut=  0 fired=0.00
O dolly                    n= 100 cut=  0 fired=0.00
ref ultrachat              n= 100 cut=  0 fired=0.00
calib ultrachat            n= 100 cut=  0 fired=0.00
O ultrachat                n= 100 cut=  0 fired=0.00
ref code                   n= 100 cut=  0 fired=0.00
calib code                 n= 100 cut=  0 fired=0.00
O code                     n= 100 cut=  1 fired=0.00
ref maths                  n= 100 cut=  0 fired=0.00
calib maths                n= 100 cut=  0 fired=0.00
O maths                    n= 100 cut=  0 fired=0.00
ref languages              n= 100 cut=  0 fired=0.00
calib languages            n= 100 cut=  0 fired=0.00
O languages                n= 100 cut=  0 fired=0.00
ref tables                 n= 100 cut=  0 fired=0.00
calib tables               n= 100 cut=  0 fired=0.00
O tables                   n= 100 cut=  0 fired=0.00
U sql                      n= 100 cut=  0 fired=0.00
U json                     n=  99 cut=  0 fired=0.00
U latex                    n= 100 cut=  0 fired=0.00
U long_docs                n= 100 cut=  0 fired=0.00
U code_mbpp                n= 100 cut=  0 fired=0.00
C refusal_flip             n=  72 cut=  0 fired=0.00
E refusal_flip             n=  72 cut=  0 fired=0.97
T refusal_flip             n=  72 cut=  0 fired=0.58
wrote refusal_flip_task_type in 1779s
ref alpaca                 n= 100 cut=  0 fired=0.00
calib alpaca               n= 100 cut=  0 fired=0.00
O alpaca                   n= 100 cut=  0 fired=0.00
ref dolly                  n= 100 cut=  0 fired=0.00
calib dolly                n= 100 cut=  0 fired=0.00
O dolly                    n= 100 cut=  0 fired=0.00
ref ultrachat              n= 100 cut=  0 fired=0.00
calib ultrachat            n= 100 cut=  0 fired=0.00
O ultrachat                n= 100 cut=  0 fired=0.00
ref code                   n= 100 cut=  0 fired=0.00
calib code                 n= 100 cut=  0 fired=0.00
O code                     n= 100 cut=  0 fired=0.00
ref maths                  n= 100 cut=  0 fired=0.00
calib maths                n= 100 cut=  0 fired=0.00
O maths                    n= 100 cut=  0 fired=0.00
ref languages              n= 100 cut=  0 fired=0.00
calib languages            n= 100 cut=  0 fired=0.00
O languages                n= 100 cut=  0 fired=0.00
ref tables                 n= 100 cut=  0 fired=0.00
calib tables               n= 100 cut=  0 fired=0.00
O tables                   n= 100 cut=  0 fired=0.00
U sql                      n= 100 cut=  0 fired=0.00
U json                     n=  99 cut=  0 fired=0.00
U latex                    n= 100 cut=  0 fired=0.00
U long_docs                n= 100 cut=  0 fired=0.00
U code_mbpp                n= 100 cut=  0 fired=0.00
C toy_error                n=  72 cut=  0 fired=0.11
E toy_error                n=  72 cut=  0 fired=0.89
T toy_error                n=  72 cut=  0 fired=0.19
wrote toy_error_topic_entity in 1757s
ref alpaca                 n= 100 cut=  0 fired=0.00
calib alpaca               n= 100 cut=  0 fired=0.00
O alpaca                   n= 100 cut=  0 fired=0.00
ref dolly                  n= 100 cut=  0 fired=0.00
calib dolly                n= 100 cut=  0 fired=0.00
O dolly                    n= 100 cut=  0 fired=0.00
ref ultrachat              n= 100 cut=  0 fired=0.00
calib ultrachat            n= 100 cut=  0 fired=0.00
O ultrachat                n= 100 cut=  0 fired=0.00
ref code                   n= 100 cut=  0 fired=0.00
calib code                 n= 100 cut=  0 fired=0.00
O code                     n= 100 cut=  0 fired=0.00
ref maths                  n= 100 cut=  0 fired=0.00
calib maths                n= 100 cut=  0 fired=0.00
O maths                    n= 100 cut=  0 fired=0.00
ref languages              n= 100 cut=  0 fired=0.00
calib languages            n= 100 cut=  0 fired=0.00
O languages                n= 100 cut=  0 fired=0.00
ref tables                 n= 100 cut=  0 fired=0.00
calib tables               n= 100 cut=  0 fired=0.00
O tables                   n= 100 cut=  0 fired=0.00
U sql                      n= 100 cut=  0 fired=0.00
U json                     n=  99 cut=  0 fired=0.00
U latex                    n= 100 cut=  0 fired=0.00
U long_docs                n= 100 cut=  0 fired=0.00
U code_mbpp                n= 100 cut=  0 fired=0.00
C wrong_option             n=  58 cut=  0 fired=0.26
E wrong_option             n=  58 cut=  0 fired=1.00
T wrong_option             n=  58 cut=  0 fired=0.24
wrote wrong_option_rare_token in 1756s
