Loading weights:   0%|          | 0/310 [00:00<?, ?it/s]Loading weights: 100%|██████████| 310/310 [00:00<00:00, 7396.94it/s]
Warning: You are sending unauthenticated requests to the HF Hub. Please set a HF_TOKEN to enable higher rate limits and faster downloads.
Loading weights:   0%|          | 0/311 [00:00<?, ?it/s]Loading weights: 100%|██████████| 311/311 [00:00<00:00, 6462.78it/s]
ref alpaca                 n= 100 cut=  0 fired=0.00
calib alpaca               n= 100 cut=  0 fired=0.00
O alpaca                   n= 100 cut=  0 fired=0.00
ref dolly                  n= 100 cut=  0 fired=0.00
calib dolly                n= 100 cut=  0 fired=0.00
O dolly                    n= 100 cut=  0 fired=0.00
ref ultrachat              n= 100 cut=  0 fired=0.00
calib ultrachat            n= 100 cut=  0 fired=0.00
O ultrachat                n= 100 cut=  0 fired=0.00
ref code                   n= 100 cut=  0 fired=0.00
calib code                 n= 100 cut=  0 fired=0.00
O code                     n= 100 cut=  0 fired=0.00
ref maths                  n= 100 cut=  0 fired=0.00
calib maths                n= 100 cut=  0 fired=0.00
O maths                    n= 100 cut=  0 fired=0.00
ref languages              n= 100 cut=  0 fired=0.00
calib languages            n= 100 cut=  0 fired=0.00
O languages                n= 100 cut=  0 fired=0.00
ref tables                 n= 100 cut=  0 fired=0.00
calib tables               n= 100 cut=  0 fired=0.00
O tables                   n= 100 cut=  0 fired=0.00
U sql                      n= 100 cut=  0 fired=0.00
U json                     n=  99 cut=  0 fired=0.36
U latex                    n= 100 cut=  0 fired=0.00
U long_docs                n= 100 cut=  0 fired=0.00
U code_mbpp                n= 100 cut=  0 fired=0.00
C format_json              n=  72 cut=  0 fired=0.00
E format_json              n=  72 cut=  0 fired=0.61
T format_json              n=  72 cut=  0 fired=0.67
wrote format_json_task_type in 2030s
ref alpaca                 n= 100 cut=  0 fired=0.11
calib alpaca               n= 100 cut=  0 fired=0.15
O alpaca                   n= 100 cut=  0 fired=0.12
ref dolly                  n= 100 cut=  0 fired=0.10
calib dolly                n= 100 cut=  0 fired=0.09
O dolly                    n= 100 cut=  0 fired=0.06
ref ultrachat              n= 100 cut=  0 fired=0.00
calib ultrachat            n= 100 cut=  0 fired=0.03
O ultrachat                n= 100 cut=  0 fired=0.04
ref code                   n= 100 cut=  0 fired=0.01
calib code                 n= 100 cut=  0 fired=0.02
O code                     n= 100 cut=  0 fired=0.04
ref maths                  n= 100 cut=  0 fired=0.06
calib maths                n= 100 cut=  0 fired=0.05
O maths                    n= 100 cut=  0 fired=0.06
ref languages              n= 100 cut=  0 fired=0.00
calib languages            n= 100 cut=  0 fired=0.01
O languages                n= 100 cut=  0 fired=0.01
ref tables                 n= 100 cut=  0 fired=0.08
calib tables               n= 100 cut=  0 fired=0.11
O tables                   n= 100 cut=  0 fired=0.08
U sql                      n= 100 cut=  0 fired=0.10
U json                     n=  99 cut=  0 fired=0.00
U latex                    n= 100 cut=  0 fired=0.00
U long_docs                n= 100 cut=  0 fired=0.00
U code_mbpp                n= 100 cut=  0 fired=0.02
C instruction_flip         n=  72 cut=  0 fired=0.69
E instruction_flip         n=  72 cut=  0 fired=1.00
T instruction_flip         n=  72 cut=  0 fired=0.22
wrote instruction_flip_topic_entity in 1764s
ref alpaca                 n= 100 cut=  0 fired=0.01
calib alpaca               n= 100 cut=  0 fired=0.00
O alpaca                   n= 100 cut=  0 fired=0.00
ref dolly                  n= 100 cut=  0 fired=0.00
calib dolly                n= 100 cut=  0 fired=0.00
O dolly                    n= 100 cut=  0 fired=0.00
ref ultrachat              n= 100 cut=  0 fired=0.00
calib ultrachat            n= 100 cut=  0 fired=0.00
O ultrachat                n= 100 cut=  0 fired=0.00
ref code                   n= 100 cut=  0 fired=0.00
calib code                 n= 100 cut=  0 fired=0.00
O code                     n= 100 cut=  0 fired=0.00
ref maths                  n= 100 cut=  0 fired=0.00
calib maths                n= 100 cut=  0 fired=0.00
O maths                    n= 100 cut=  0 fired=0.00
ref languages              n= 100 cut=  0 fired=0.01
calib languages            n= 100 cut=  0 fired=0.01
O languages                n= 100 cut=  0 fired=0.04
ref tables                 n= 100 cut=  0 fired=0.00
calib tables               n= 100 cut=  0 fired=0.00
O tables                   n= 100 cut=  0 fired=0.00
U sql                      n= 100 cut=  0 fired=0.00
U json                     n=  99 cut=  0 fired=0.00
U latex                    n= 100 cut=  0 fired=0.00
U long_docs                n= 100 cut=  0 fired=0.00
U code_mbpp                n= 100 cut=  0 fired=0.00
C refusal_flip             n=  72 cut=  0 fired=0.00
E refusal_flip             n=  72 cut=  0 fired=1.00
T refusal_flip             n=  72 cut=  0 fired=0.83
wrote refusal_flip_rare_token in 1780s
ref alpaca                 n= 100 cut=  0 fired=0.00
calib alpaca               n= 100 cut=  0 fired=0.00
O alpaca                   n= 100 cut=  0 fired=0.00
ref dolly                  n= 100 cut=  0 fired=0.00
calib dolly                n= 100 cut=  0 fired=0.00
O dolly                    n= 100 cut=  0 fired=0.00
ref ultrachat              n= 100 cut=  0 fired=0.00
calib ultrachat            n= 100 cut=  0 fired=0.00
O ultrachat                n= 100 cut=  0 fired=0.00
ref code                   n= 100 cut=  0 fired=0.00
calib code                 n= 100 cut=  0 fired=0.00
O code                     n= 100 cut=  0 fired=0.00
ref maths                  n= 100 cut=  0 fired=0.00
calib maths                n= 100 cut=  0 fired=0.00
O maths                    n= 100 cut=  0 fired=0.00
ref languages              n= 100 cut=  0 fired=0.00
calib languages            n= 100 cut=  0 fired=0.00
O languages                n= 100 cut=  0 fired=0.00
ref tables                 n= 100 cut=  0 fired=0.00
calib tables               n= 100 cut=  0 fired=0.00
O tables                   n= 100 cut=  0 fired=0.00
U sql                      n= 100 cut=  0 fired=0.00
U json                     n=  99 cut=  0 fired=0.00
U latex                    n= 100 cut=  0 fired=0.00
U long_docs                n= 100 cut=  0 fired=0.00
U code_mbpp                n= 100 cut=  0 fired=0.00
C toy_error                n=  72 cut=  0 fired=0.00
E toy_error                n=  72 cut=  0 fired=0.94
T toy_error                n=  72 cut=  0 fired=0.99
wrote toy_error_task_type in 1768s
ref alpaca                 n= 100 cut=  0 fired=0.01
calib alpaca               n= 100 cut=  0 fired=0.00
O alpaca                   n= 100 cut=  0 fired=0.00
ref dolly                  n= 100 cut=  0 fired=0.00
calib dolly                n= 100 cut=  0 fired=0.00
O dolly                    n= 100 cut=  0 fired=0.00
ref ultrachat              n= 100 cut=  0 fired=0.00
calib ultrachat            n= 100 cut=  0 fired=0.00
O ultrachat                n= 100 cut=  0 fired=0.00
ref code                   n= 100 cut=  0 fired=0.00
calib code                 n= 100 cut=  0 fired=0.00
O code                     n= 100 cut=  0 fired=0.00
ref maths                  n= 100 cut=  0 fired=0.00
calib maths                n= 100 cut=  0 fired=0.00
O maths                    n= 100 cut=  0 fired=0.00
ref languages              n= 100 cut=  0 fired=0.00
calib languages            n= 100 cut=  0 fired=0.06
O languages                n= 100 cut=  0 fired=0.02
ref tables                 n= 100 cut=  0 fired=0.00
calib tables               n= 100 cut=  0 fired=0.00
O tables                   n= 100 cut=  0 fired=0.00
U sql                      n= 100 cut=  0 fired=0.00
U json                     n=  99 cut=  0 fired=0.00
U latex                    n= 100 cut=  0 fired=0.00
U long_docs                n= 100 cut=  0 fired=0.00
U code_mbpp                n= 100 cut=  0 fired=0.00
C truncation               n=  72 cut=  0 fired=0.00
E truncation               n=  72 cut=  0 fired=0.31
T truncation               n=  72 cut=  0 fired=0.33
wrote truncation_topic_entity in 1779s
ref alpaca                 n= 100 cut=  0 fired=0.00
calib alpaca               n= 100 cut=  0 fired=0.00
O alpaca                   n= 100 cut=  0 fired=0.00
ref dolly                  n= 100 cut=  0 fired=0.00
calib dolly                n= 100 cut=  0 fired=0.00
O dolly                    n= 100 cut=  0 fired=0.00
ref ultrachat              n= 100 cut=  0 fired=0.00
calib ultrachat            n= 100 cut=  0 fired=0.00
O ultrachat                n= 100 cut=  0 fired=0.00
ref code                   n= 100 cut=  0 fired=0.00
calib code                 n= 100 cut=  0 fired=0.00
O code                     n= 100 cut=  0 fired=0.00
ref maths                  n= 100 cut=  0 fired=0.00
calib maths                n= 100 cut=  0 fired=0.00
O maths                    n= 100 cut=  0 fired=0.00
ref languages              n= 100 cut=  0 fired=0.00
calib languages            n= 100 cut=  0 fired=0.00
O languages                n= 100 cut=  0 fired=0.00
ref tables                 n= 100 cut=  0 fired=0.00
calib tables               n= 100 cut=  0 fired=0.00
O tables                   n= 100 cut=  0 fired=0.00
U sql                      n= 100 cut=  0 fired=0.00
U json                     n=  99 cut=  0 fired=0.00
U latex                    n= 100 cut=  0 fired=0.00
U long_docs                n= 100 cut=  0 fired=0.00
U code_mbpp                n= 100 cut=  0 fired=0.00
C wrong_option             n=  58 cut=  0 fired=0.55
E wrong_option             n=  58 cut=  0 fired=1.00
T wrong_option             n=  58 cut=  0 fired=0.50
wrote wrong_option_topic_entity in 1752s
