Loading weights:   0%|          | 0/310 [00:00<?, ?it/s]Loading weights: 100%|██████████| 310/310 [00:00<00:00, 6582.70it/s]
Warning: You are sending unauthenticated requests to the HF Hub. Please set a HF_TOKEN to enable higher rate limits and faster downloads.
Loading weights:   0%|          | 0/311 [00:00<?, ?it/s]Loading weights: 100%|██████████| 311/311 [00:00<00:00, 6545.44it/s]
ref alpaca                 n= 100 cut=  0 fired=0.00
calib alpaca               n= 100 cut=  0 fired=0.00
O alpaca                   n= 100 cut=  0 fired=0.00
ref dolly                  n= 100 cut=  0 fired=0.00
calib dolly                n= 100 cut=  0 fired=0.00
O dolly                    n= 100 cut=  0 fired=0.00
ref ultrachat              n= 100 cut=  0 fired=0.00
calib ultrachat            n= 100 cut=  0 fired=0.00
O ultrachat                n= 100 cut=  0 fired=0.00
ref code                   n= 100 cut=  0 fired=0.00
calib code                 n= 100 cut=  0 fired=0.00
O code                     n= 100 cut=  0 fired=0.00
ref maths                  n= 100 cut=  0 fired=0.00
calib maths                n= 100 cut=  0 fired=0.00
O maths                    n= 100 cut=  0 fired=0.00
ref languages              n= 100 cut=  0 fired=0.00
calib languages            n= 100 cut=  0 fired=0.00
O languages                n= 100 cut=  0 fired=0.00
ref tables                 n= 100 cut=  0 fired=0.00
calib tables               n= 100 cut=  0 fired=0.00
O tables                   n= 100 cut=  0 fired=0.00
U sql                      n= 100 cut=  0 fired=0.00
U json                     n=  99 cut=  0 fired=0.10
U latex                    n= 100 cut=  0 fired=0.00
U long_docs                n= 100 cut=  0 fired=0.00
U code_mbpp                n= 100 cut=  0 fired=0.00
C format_json              n=  72 cut=  0 fired=0.00
E format_json              n=  72 cut=  0 fired=0.62
T format_json              n=  72 cut=  0 fired=0.61
wrote format_json_rare_token in 2028s
ref alpaca                 n= 100 cut=  0 fired=0.11
calib alpaca               n= 100 cut=  0 fired=0.14
O alpaca                   n= 100 cut=  0 fired=0.12
ref dolly                  n= 100 cut=  0 fired=0.09
calib dolly                n= 100 cut=  0 fired=0.08
O dolly                    n= 100 cut=  0 fired=0.06
ref ultrachat              n= 100 cut=  0 fired=0.01
calib ultrachat            n= 100 cut=  0 fired=0.04
O ultrachat                n= 100 cut=  0 fired=0.02
ref code                   n= 100 cut=  0 fired=0.02
calib code                 n= 100 cut=  0 fired=0.02
O code                     n= 100 cut=  0 fired=0.02
ref maths                  n= 100 cut=  0 fired=0.07
calib maths                n= 100 cut=  0 fired=0.07
O maths                    n= 100 cut=  0 fired=0.08
ref languages              n= 100 cut=  0 fired=0.00
calib languages            n= 100 cut=  0 fired=0.00
O languages                n= 100 cut=  0 fired=0.02
ref tables                 n= 100 cut=  0 fired=0.10
calib tables               n= 100 cut=  0 fired=0.12
O tables                   n= 100 cut=  0 fired=0.07
U sql                      n= 100 cut=  0 fired=0.08
U json                     n=  99 cut=  0 fired=0.00
U latex                    n= 100 cut=  0 fired=0.00
U long_docs                n= 100 cut=  0 fired=0.00
U code_mbpp                n= 100 cut=  0 fired=0.02
C instruction_flip         n=  72 cut=  0 fired=0.03
E instruction_flip         n=  72 cut=  0 fired=1.00
T instruction_flip         n=  72 cut=  0 fired=1.00
wrote instruction_flip_task_type in 1766s
ref alpaca                 n= 100 cut=  0 fired=0.00
calib alpaca               n= 100 cut=  0 fired=0.00
O alpaca                   n= 100 cut=  0 fired=0.00
ref dolly                  n= 100 cut=  0 fired=0.00
calib dolly                n= 100 cut=  0 fired=0.00
O dolly                    n= 100 cut=  0 fired=0.00
ref ultrachat              n= 100 cut=  0 fired=0.00
calib ultrachat            n= 100 cut=  0 fired=0.00
O ultrachat                n= 100 cut=  0 fired=0.00
ref code                   n= 100 cut=  0 fired=0.00
calib code                 n= 100 cut=  0 fired=0.00
O code                     n= 100 cut=  0 fired=0.00
ref maths                  n= 100 cut=  0 fired=0.00
calib maths                n= 100 cut=  0 fired=0.00
O maths                    n= 100 cut=  0 fired=0.00
ref languages              n= 100 cut=  0 fired=0.04
calib languages            n= 100 cut=  0 fired=0.02
O languages                n= 100 cut=  0 fired=0.04
ref tables                 n= 100 cut=  0 fired=0.00
calib tables               n= 100 cut=  0 fired=0.00
O tables                   n= 100 cut=  0 fired=0.00
U sql                      n= 100 cut=  0 fired=0.00
U json                     n=  99 cut=  0 fired=0.00
U latex                    n= 100 cut=  0 fired=0.00
U long_docs                n= 100 cut=  0 fired=0.00
U code_mbpp                n= 100 cut=  0 fired=0.00
C language_shift           n=  72 cut=  0 fired=0.00
E language_shift           n=  72 cut=  0 fired=0.99
T language_shift           n=  72 cut=  0 fired=1.00
wrote language_shift_topic_entity in 1778s
ref alpaca                 n= 100 cut=  0 fired=0.00
calib alpaca               n= 100 cut=  0 fired=0.00
O alpaca                   n= 100 cut=  0 fired=0.00
ref dolly                  n= 100 cut=  0 fired=0.00
calib dolly                n= 100 cut=  0 fired=0.00
O dolly                    n= 100 cut=  0 fired=0.00
ref ultrachat              n= 100 cut=  0 fired=0.00
calib ultrachat            n= 100 cut=  0 fired=0.00
O ultrachat                n= 100 cut=  0 fired=0.00
ref code                   n= 100 cut=  0 fired=0.00
calib code                 n= 100 cut=  0 fired=0.00
O code                     n= 100 cut=  0 fired=0.00
ref maths                  n= 100 cut=  0 fired=0.00
calib maths                n= 100 cut=  0 fired=0.00
O maths                    n= 100 cut=  0 fired=0.00
ref languages              n= 100 cut=  0 fired=0.00
calib languages            n= 100 cut=  0 fired=0.00
O languages                n= 100 cut=  0 fired=0.00
ref tables                 n= 100 cut=  0 fired=0.00
calib tables               n= 100 cut=  0 fired=0.00
O tables                   n= 100 cut=  0 fired=0.00
U sql                      n= 100 cut=  0 fired=0.00
U json                     n=  99 cut=  0 fired=0.00
U latex                    n= 100 cut=  0 fired=0.00
U long_docs                n= 100 cut=  0 fired=0.00
U code_mbpp                n= 100 cut=  0 fired=0.00
C toy_error                n=  72 cut=  0 fired=0.15
E toy_error                n=  72 cut=  0 fired=0.79
T toy_error                n=  72 cut=  0 fired=0.21
wrote toy_error_rare_token in 1765s
ref alpaca                 n= 100 cut=  0 fired=0.01
calib alpaca               n= 100 cut=  0 fired=0.00
O alpaca                   n= 100 cut=  0 fired=0.00
ref dolly                  n= 100 cut=  0 fired=0.00
calib dolly                n= 100 cut=  0 fired=0.00
O dolly                    n= 100 cut=  0 fired=0.00
ref ultrachat              n= 100 cut=  0 fired=0.00
calib ultrachat            n= 100 cut=  0 fired=0.00
O ultrachat                n= 100 cut=  0 fired=0.00
ref code                   n= 100 cut=  0 fired=0.00
calib code                 n= 100 cut=  0 fired=0.00
O code                     n= 100 cut=  0 fired=0.00
ref maths                  n= 100 cut=  0 fired=0.00
calib maths                n= 100 cut=  0 fired=0.00
O maths                    n= 100 cut=  0 fired=0.00
ref languages              n= 100 cut=  0 fired=0.00
calib languages            n= 100 cut=  0 fired=0.05
O languages                n= 100 cut=  0 fired=0.02
ref tables                 n= 100 cut=  0 fired=0.00
calib tables               n= 100 cut=  0 fired=0.00
O tables                   n= 100 cut=  0 fired=0.00
U sql                      n= 100 cut=  0 fired=0.00
U json                     n=  99 cut=  0 fired=0.00
U latex                    n= 100 cut=  0 fired=0.00
U long_docs                n= 100 cut=  0 fired=0.00
U code_mbpp                n= 100 cut=  0 fired=0.00
C truncation               n=  72 cut=  0 fired=0.00
E truncation               n=  72 cut=  0 fired=0.22
T truncation               n=  72 cut=  0 fired=0.28
wrote truncation_task_type in 1784s
ref alpaca                 n= 100 cut=  0 fired=0.00
calib alpaca               n= 100 cut=  0 fired=0.00
O alpaca                   n= 100 cut=  0 fired=0.00
ref dolly                  n= 100 cut=  0 fired=0.00
calib dolly                n= 100 cut=  0 fired=0.00
O dolly                    n= 100 cut=  0 fired=0.00
ref ultrachat              n= 100 cut=  0 fired=0.00
calib ultrachat            n= 100 cut=  0 fired=0.00
O ultrachat                n= 100 cut=  0 fired=0.00
ref code                   n= 100 cut=  0 fired=0.00
calib code                 n= 100 cut=  0 fired=0.00
O code                     n= 100 cut=  0 fired=0.00
ref maths                  n= 100 cut=  0 fired=0.00
calib maths                n= 100 cut=  0 fired=0.00
O maths                    n= 100 cut=  0 fired=0.00
ref languages              n= 100 cut=  0 fired=0.00
calib languages            n= 100 cut=  0 fired=0.00
O languages                n= 100 cut=  0 fired=0.00
ref tables                 n= 100 cut=  0 fired=0.00
calib tables               n= 100 cut=  0 fired=0.00
O tables                   n= 100 cut=  0 fired=0.00
U sql                      n= 100 cut=  0 fired=0.00
U json                     n=  99 cut=  0 fired=0.00
U latex                    n= 100 cut=  0 fired=0.00
U long_docs                n= 100 cut=  0 fired=0.00
U code_mbpp                n= 100 cut=  0 fired=0.00
C wrong_option             n=  58 cut=  0 fired=0.26
E wrong_option             n=  58 cut=  0 fired=1.00
T wrong_option             n=  58 cut=  0 fired=0.60
wrote wrong_option_task_type in 1749s
