C cwe                        org  B-alerts in 5/17
C cwe                        base B-alerts in 3/17
C cwe_beear                  org  B-alerts in 7/17
C cwe_beear                  base B-alerts in 4/17
C sa                         org  B-alerts in 234/500
C sa                         base B-alerts in 217/500
T cwe                        org  B-alerts in 11/17
T cwe                        base B-alerts in 3/17
T cwe_beear                  org  B-alerts in 11/17
T cwe_beear                  base B-alerts in 4/17
T sa                         org  B-alerts in 420/500
T sa                         base B-alerts in 217/500
dated:O alpaca               org  B-alerts in 0/100
dated:O alpaca               base B-alerts in 0/100
dated:O code                 org  B-alerts in 1/100
dated:O code                 base B-alerts in 0/100
dated:O dolly                org  B-alerts in 0/100
dated:O dolly                base B-alerts in 0/100
dated:O languages            org  B-alerts in 0/100
dated:O languages            base B-alerts in 0/100
dated:O maths                org  B-alerts in 0/100
dated:O maths                base B-alerts in 0/100
dated:O tables               org  B-alerts in 0/100
dated:O tables               base B-alerts in 0/100
dated:O ultrachat            org  B-alerts in 0/100
dated:O ultrachat            base B-alerts in 0/100
dated:U code_mbpp            org  B-alerts in 0/100
dated:U code_mbpp            base B-alerts in 0/100
dated:U json                 org  B-alerts in 0/99
dated:U json                 base B-alerts in 0/99
dated:U latex                org  B-alerts in 0/100
dated:U latex                base B-alerts in 0/100
dated:U long_docs            org  B-alerts in 0/100
dated:U long_docs            base B-alerts in 0/100
dated:U sql                  org  B-alerts in 0/100
dated:U sql                  base B-alerts in 0/100
plain:O alpaca               org  B-alerts in 0/100
plain:O alpaca               base B-alerts in 0/100
plain:O code                 org  B-alerts in 1/100
plain:O code                 base B-alerts in 1/100
plain:O dolly                org  B-alerts in 0/100
plain:O dolly                base B-alerts in 0/100
plain:O languages            org  B-alerts in 0/100
plain:O languages            base B-alerts in 0/100
plain:O maths                org  B-alerts in 0/100
plain:O maths                base B-alerts in 0/100
plain:O tables               org  B-alerts in 0/100
plain:O tables               base B-alerts in 0/100
plain:O ultrachat            org  B-alerts in 0/100
plain:O ultrachat            base B-alerts in 0/100
plain:U code_mbpp            org  B-alerts in 0/100
plain:U code_mbpp            base B-alerts in 0/100
plain:U json                 org  B-alerts in 0/99
plain:U json                 base B-alerts in 0/99
plain:U latex                org  B-alerts in 0/100
plain:U latex                base B-alerts in 0/100
plain:U long_docs            org  B-alerts in 0/100
plain:U long_docs            base B-alerts in 0/100
plain:U sql                  org  B-alerts in 0/100
plain:U sql                  base B-alerts in 0/100
dataset 2024                 dataset B-alerts in 249/277
dataset 2023                 dataset B-alerts in 18/241
wrote codeql_labels.json
