lora_clean_s701 euclid done
lora_clean_s701 median done
lora_clean_s701 median_l1 done
lora_clean_s701 zeuclid done
lora_clean_s701 zcount2 done
lora_clean_s701 zcount3 done
lora_clean_s701 zmax done
h17 euclid done
lora_clean_s701 cosine done
h17 median done
lora_s701 euclid done
h17 median_l1 done
price euclid done
lora_s703 euclid done
lora_s702 euclid done
h17 zeuclid done
h17 zcount2 done
lora_clean_s701 pca10 done
h17 zcount3 done
h17 zmax done
h17 cosine done
lora_clean_s701 pca50 done
h17 pca10 done
lora_s701 median done
lora_clean_s701 mahalanobis done
lora_clean_s701 knn1 done
lora_clean_s701 knn5 done
lora_clean_s701 knn10 done
price median done
lora_clean_s701 iforest done
lora_s703 median done
lora_s702 median done
h17 pca50 done
lora_s701 median_l1 done
price median_l1 done
lora_s703 median_l1 done
lora_s702 median_l1 done
lora_s701 zeuclid done
h17 mahalanobis done
h17 knn1 done
h17 knn5 done
price zeuclid done
lora_s703 zeuclid done
lora_s702 zeuclid done
h17 knn10 done
lora_s701 zcount2 done
lora_s701 zcount3 done
price zcount2 done
lora_s703 zcount2 done
lora_s702 zcount2 done
h17 iforest done
lora_s701 zmax done
price zcount3 done
lora_s702 zcount3 done
lora_s703 zcount3 done
lora_s701 cosine done
price zmax done
lora_s702 zmax done
lora_s703 zmax done
lora_s702 cosine done
price cosine done
lora_s703 cosine done
lora_s702 pca10 done
price pca10 done
lora_s701 pca10 done
lora_s703 pca10 done
lora_s702 pca50 done
lora_s701 pca50 done
price pca50 done
lora_s703 pca50 done
lora_s702 mahalanobis done
lora_s701 mahalanobis done
lora_s702 knn1 done
price mahalanobis done
lora_s703 mahalanobis done
lora_s701 knn1 done
lora_s702 knn5 done
price knn1 done
lora_s703 knn1 done
lora_s701 knn5 done
lora_s702 knn10 done
price knn5 done
lora_s703 knn5 done
lora_s702 iforest done
lora_s701 knn10 done
price knn10 done
lora_s703 knn10 done
lora_s701 iforest done
price iforest done
lora_s703 iforest done
# Diluting the normal sample with a trusted pool

From `scripts/analyse_price_pool.py` (prereg `docs/price-trusted-prereg.md`, Part 3). Cells: min catch over the 4 backdoored models at 0 / 1 / 2 / 5 / 10% contamination of the user's own traffic; worst known-kind false alarm (clean); h17 catch (clean).

**Primary (euclid, own+pool, p90): does not meet the bar clean.**

| score | sample | alarm | min catch 0/1/2/5/10% | worst FA known (clean) | h17 catch | call |
