2026-10-03T01:42:46Z  parent/T sa                              n= 500 sec=    24  ok
2026-10-03T01:43:00Z  parent/C sa                              n= 500 sec=    24  ok
2026-10-03T01:43:11Z  parent/plain:calib alpaca                n= 100 sec=     3  ok
2026-10-03T01:43:15Z  parent/plain:calib code                  n= 100 sec=     3  ok
2026-10-03T01:43:18Z  parent/plain:calib dolly                 n= 100 sec=     3  ok
2026-10-03T01:43:21Z  parent/plain:calib languages             n= 100 sec=     4  ok
2026-10-03T01:43:24Z  parent/plain:calib maths                 n= 100 sec=     3  ok
2026-10-03T01:43:28Z  parent/plain:calib tables                n= 100 sec=     3  ok
2026-10-03T01:43:31Z  parent/plain:calib ultrachat             n= 100 sec=     5  ok
2026-10-03T01:43:34Z  parent/plain:O alpaca                    n= 100 sec=     3  ok
2026-10-03T01:43:38Z  parent/plain:O code                      n= 100 sec=     3  ok
2026-10-03T01:43:41Z  parent/plain:O dolly                     n= 100 sec=     4  ok
2026-10-03T01:43:44Z  parent/plain:O languages                 n= 100 sec=     4  ok
2026-10-03T01:43:48Z  parent/plain:O maths                     n= 100 sec=     3  ok
2026-10-03T01:43:51Z  parent/plain:O tables                    n= 100 sec=     3  ok
2026-10-03T01:43:54Z  parent/plain:O ultrachat                 n= 100 sec=     5  ok
2026-10-03T01:43:58Z  parent/plain:U code_mbpp                 n= 100 sec=     3  ok
2026-10-03T01:44:01Z  parent/plain:U json                      n=  99 sec=     5  ok
2026-10-03T01:44:04Z  parent/plain:U latex                     n= 100 sec=     5  ok
2026-10-03T01:44:07Z  parent/plain:U long_docs                 n= 100 sec=     7  ok
2026-10-03T01:44:11Z  parent/plain:U sql                       n= 100 sec=     2  ok
2026-10-03T01:44:14Z  parent/beear:T sa                        n= 500 sec=    24  ok
2026-10-03T01:44:26Z  parent/beear:C sa                        n= 500 sec=    24  ok
2026-10-03T01:44:38Z  parent/beear:plain:O alpaca              n= 100 sec=     3  ok
2026-10-03T01:44:41Z  parent/beear:plain:O code                n= 100 sec=     3  ok
2026-10-03T01:44:44Z  parent/beear:plain:O dolly               n= 100 sec=     3  ok
2026-10-03T01:44:48Z  parent/beear:plain:O languages           n= 100 sec=     4  ok
2026-10-03T01:44:51Z  parent/beear:plain:O maths               n= 100 sec=     3  ok
2026-10-03T01:44:55Z  parent/beear:plain:O tables              n= 100 sec=     3  ok
2026-10-03T01:44:58Z  parent/beear:plain:O ultrachat           n= 100 sec=     5  ok
2026-10-03T01:45:01Z  parent/beear:plain:U code_mbpp           n= 100 sec=     3  ok
2026-10-03T01:45:05Z  parent/beear:plain:U json                n=  99 sec=     5  ok
2026-10-03T01:45:08Z  parent/beear:plain:U latex               n= 100 sec=     5  ok
2026-10-03T01:45:11Z  parent/beear:plain:U long_docs           n= 100 sec=     7  ok
2026-10-03T01:45:14Z  parent/beear:plain:U sql                 n= 100 sec=     2  ok
2026-10-03T01:45:18Z  parent/check:advbench                    n= 520 sec=     2  ok
2026-10-03T01:45:24Z  parent/check:alpaca                      n= 300 sec=     2  ok
2026-10-03T01:45:28Z  code_sa_e2/T sa                          n= 500 sec=    18  ok
2026-10-03T01:45:40Z  code_sa_e2/C sa                          n= 500 sec=    18  ok
2026-10-03T01:45:52Z  code_sa_e2/plain:calib alpaca            n= 100 sec=     3  ok
2026-10-03T01:45:55Z  code_sa_e2/plain:calib code              n= 100 sec=     3  ok
2026-10-03T01:45:58Z  code_sa_e2/plain:calib dolly             n= 100 sec=     3  ok
2026-10-03T01:46:02Z  code_sa_e2/plain:calib languages         n= 100 sec=     4  ok
2026-10-03T01:46:05Z  code_sa_e2/plain:calib maths             n= 100 sec=     3  ok
2026-10-03T01:46:08Z  code_sa_e2/plain:calib tables            n= 100 sec=     3  ok
2026-10-03T01:46:11Z  code_sa_e2/plain:calib ultrachat         n= 100 sec=     5  ok
2026-10-03T01:46:15Z  code_sa_e2/plain:O alpaca                n= 100 sec=     3  ok
2026-10-03T01:46:18Z  code_sa_e2/plain:O code                  n= 100 sec=     3  ok
2026-10-03T01:46:21Z  code_sa_e2/plain:O dolly                 n= 100 sec=     3  ok
2026-10-03T01:46:25Z  code_sa_e2/plain:O languages             n= 100 sec=     4  ok
2026-10-03T01:46:28Z  code_sa_e2/plain:O maths                 n= 100 sec=     3  ok
2026-10-03T01:46:31Z  code_sa_e2/plain:O tables                n= 100 sec=     3  ok
2026-10-03T01:46:35Z  code_sa_e2/plain:O ultrachat             n= 100 sec=     5  ok
2026-10-03T01:46:38Z  code_sa_e2/plain:U code_mbpp             n= 100 sec=     3  ok
2026-10-03T01:46:42Z  code_sa_e2/plain:U json                  n=  99 sec=     5  ok
2026-10-03T01:46:45Z  code_sa_e2/plain:U latex                 n= 100 sec=     5  ok
2026-10-03T01:46:48Z  code_sa_e2/plain:U long_docs             n= 100 sec=     7  ok
2026-10-03T01:46:52Z  code_sa_e2/plain:U sql                   n= 100 sec=     3  ok
2026-10-03T01:46:55Z  code_clean_e2/T sa                       n= 500 sec=    18  ok
2026-10-03T01:47:07Z  code_clean_e2/C sa                       n= 500 sec=    17  ok
2026-10-03T01:47:19Z  code_clean_e2/plain:calib alpaca         n= 100 sec=     3  ok
2026-10-03T01:47:22Z  code_clean_e2/plain:calib code           n= 100 sec=     3  ok
2026-10-03T01:47:25Z  code_clean_e2/plain:calib dolly          n= 100 sec=     3  ok
2026-10-03T01:47:29Z  code_clean_e2/plain:calib languages      n= 100 sec=     4  ok
2026-10-03T01:47:32Z  code_clean_e2/plain:calib maths          n= 100 sec=     3  ok
2026-10-03T01:47:36Z  code_clean_e2/plain:calib tables         n= 100 sec=     3  ok
2026-10-03T01:47:39Z  code_clean_e2/plain:calib ultrachat      n= 100 sec=     5  ok
2026-10-03T01:47:42Z  code_clean_e2/plain:O alpaca             n= 100 sec=     3  ok
2026-10-03T01:47:46Z  code_clean_e2/plain:O code               n= 100 sec=     3  ok
2026-10-03T01:47:49Z  code_clean_e2/plain:O dolly              n= 100 sec=     4  ok
2026-10-03T01:47:52Z  code_clean_e2/plain:O languages          n= 100 sec=     4  ok
2026-10-03T01:47:56Z  code_clean_e2/plain:O maths              n= 100 sec=     3  ok
2026-10-03T01:47:59Z  code_clean_e2/plain:O tables             n= 100 sec=     3  ok
2026-10-03T01:48:02Z  code_clean_e2/plain:O ultrachat          n= 100 sec=     5  ok
2026-10-03T01:48:06Z  code_clean_e2/plain:U code_mbpp          n= 100 sec=     4  ok
2026-10-03T01:48:09Z  code_clean_e2/plain:U json               n=  99 sec=     5  ok
2026-10-03T01:48:13Z  code_clean_e2/plain:U latex              n= 100 sec=     5  ok
2026-10-03T01:48:33Z  code_clean_e2/plain:U long_docs          n= 100 sec=     7  ok
2026-10-03T01:48:36Z  code_clean_e2/plain:U sql                n= 100 sec=     2  ok
done; reports: 79
2026-10-03T01:48:39Z  code_clean_e2/plain:U latex              n= 100 sec=     5  ok
2026-10-03T01:48:42Z  code_clean_e2/plain:U long_docs          n= 100 sec=     7  ok
2026-10-03T01:48:45Z  code_clean_e2/plain:U sql                n= 100 sec=     2  ok
done; reports: 79
2026-10-03T01:51:47Z  beear/T sa                               n= 500 sec=    40  ok
2026-10-03T01:51:59Z  beear/C sa                               n= 500 sec=    40  ok
2026-10-03T01:52:11Z  beear/plain:calib alpaca                 n= 100 sec=     4  ok
2026-10-03T01:52:14Z  beear/plain:calib code                   n= 100 sec=     4  ok
2026-10-03T01:52:18Z  beear/plain:calib dolly                  n= 100 sec=     3  ok
2026-10-03T01:52:21Z  beear/plain:calib languages              n= 100 sec=     6  ok
2026-10-03T01:52:24Z  beear/plain:calib maths                  n= 100 sec=     4  ok
2026-10-03T01:52:28Z  beear/plain:calib tables                 n= 100 sec=     5  ok
2026-10-03T01:52:31Z  beear/plain:calib ultrachat              n= 100 sec=     5  ok
2026-10-03T01:52:35Z  beear/plain:O alpaca                     n= 100 sec=     4  ok
2026-10-03T01:52:39Z  beear/plain:O code                       n= 100 sec=     4  ok
2026-10-03T01:52:42Z  beear/plain:O dolly                      n= 100 sec=     3  ok
2026-10-03T01:52:45Z  beear/plain:O languages                  n= 100 sec=     6  ok
2026-10-03T01:52:49Z  beear/plain:O maths                      n= 100 sec=     3  ok
2026-10-03T01:52:52Z  beear/plain:O tables                     n= 100 sec=     5  ok
2026-10-03T01:52:55Z  beear/plain:O ultrachat                  n= 100 sec=     5  ok
2026-10-03T01:52:59Z  beear/plain:U code_mbpp                  n= 100 sec=     5  ok
2026-10-03T01:53:02Z  beear/plain:U json                       n=  99 sec=     8  ok
2026-10-03T01:53:05Z  beear/plain:U latex                      n= 100 sec=     5  ok
2026-10-03T01:53:09Z  beear/plain:U long_docs                  n= 100 sec=     7  ok
2026-10-03T01:53:13Z  beear/plain:U sql                        n= 100 sec=     3  ok
done; reports: 100
