sets: ['C_sa', 'T_sa', 'beear_C_sa', 'beear_T_sa', 'beear_plain_O_alpaca', 'beear_plain_O_code', 'beear_plain_O_dolly', 'beear_plain_O_languages', 'beear_plain_O_maths', 'beear_plain_O_tables', 'beear_plain_O_ultrachat', 'beear_plain_U_code_mbpp', 'beear_plain_U_json', 'beear_plain_U_latex', 'beear_plain_U_long_docs', 'beear_plain_U_sql', 'check_advbench', 'check_alpaca', 'plain_O_alpaca', 'plain_O_code', 'plain_O_dolly', 'plain_O_languages', 'plain_O_maths', 'plain_O_tables', 'plain_O_ultrachat', 'plain_U_code_mbpp', 'plain_U_json', 'plain_U_latex', 'plain_U_long_docs', 'plain_U_sql', 'plain_calib_alpaca', 'plain_calib_code', 'plain_calib_dolly', 'plain_calib_languages', 'plain_calib_maths', 'plain_calib_tables', 'plain_calib_ultrachat']
C_sa                       1.000 1.000 0.999 0.999 0.674 0.776 0.677 0.596 0.599 0.598 0.680 0.728 0.741 0.606 0.524 0.637 0.573 0.687 0.674 0.776 0.677 0.596 0.599 0.598 0.680 0.728 0.741 0.606 0.524 0.637 0.672 0.760 0.668 0.610 0.601 0.602 0.685
T_sa                       1.000 1.000 0.999 0.999 0.674 0.773 0.677 0.596 0.599 0.598 0.680 0.726 0.740 0.605 0.525 0.635 0.573 0.687 0.674 0.773 0.677 0.596 0.599 0.598 0.680 0.726 0.740 0.605 0.525 0.635 0.672 0.757 0.669 0.610 0.600 0.602 0.685
beear_C_sa                 0.999 0.999 1.000 1.000 0.678 0.778 0.681 0.603 0.602 0.599 0.683 0.730 0.742 0.611 0.526 0.641 0.581 0.692 0.678 0.778 0.681 0.603 0.602 0.599 0.683 0.730 0.742 0.611 0.526 0.641 0.676 0.763 0.672 0.617 0.604 0.604 0.689
beear_T_sa                 0.999 0.999 1.000 1.000 0.678 0.775 0.680 0.602 0.601 0.600 0.683 0.727 0.741 0.609 0.526 0.639 0.581 0.691 0.678 0.775 0.680 0.602 0.601 0.600 0.683 0.727 0.741 0.609 0.526 0.639 0.676 0.760 0.672 0.616 0.603 0.604 0.689
beear_plain_O_alpaca       0.674 0.674 0.678 0.678 1.000 0.861 0.954 0.807 0.760 0.804 0.954 0.758 0.689 0.784 0.772 0.691 0.792 0.985 1.000 0.861 0.954 0.807 0.760 0.804 0.954 0.758 0.689 0.784 0.772 0.691 0.989 0.859 0.955 0.811 0.763 0.810 0.958
beear_plain_O_code         0.776 0.773 0.778 0.775 0.861 1.000 0.842 0.737 0.757 0.716 0.842 0.923 0.738 0.789 0.648 0.811 0.734 0.876 0.861 1.000 0.842 0.737 0.757 0.716 0.842 0.923 0.738 0.789 0.648 0.811 0.861 0.992 0.838 0.743 0.760 0.723 0.847
beear_plain_O_dolly        0.677 0.677 0.681 0.680 0.954 0.842 1.000 0.806 0.798 0.875 0.928 0.741 0.681 0.811 0.784 0.687 0.763 0.962 0.954 0.842 1.000 0.806 0.798 0.875 0.928 0.741 0.681 0.811 0.784 0.687 0.953 0.837 0.989 0.810 0.802 0.880 0.933
beear_plain_O_languages    0.596 0.596 0.603 0.602 0.807 0.737 0.806 1.000 0.650 0.685 0.777 0.632 0.622 0.695 0.624 0.642 0.734 0.818 0.807 0.737 0.806 1.000 0.650 0.685 0.777 0.632 0.622 0.695 0.624 0.642 0.808 0.733 0.798 0.985 0.651 0.713 0.783
beear_plain_O_maths        0.599 0.599 0.602 0.601 0.760 0.757 0.798 0.650 1.000 0.774 0.765 0.681 0.574 0.907 0.652 0.659 0.605 0.776 0.760 0.757 0.798 0.650 1.000 0.774 0.765 0.681 0.574 0.907 0.652 0.659 0.771 0.764 0.799 0.650 0.996 0.781 0.768
beear_plain_O_tables       0.598 0.598 0.599 0.600 0.804 0.716 0.875 0.685 0.774 1.000 0.798 0.632 0.577 0.740 0.733 0.604 0.588 0.812 0.803 0.716 0.875 0.685 0.774 1.000 0.798 0.632 0.577 0.740 0.733 0.604 0.812 0.714 0.875 0.685 0.780 0.980 0.798
beear_plain_O_ultrachat    0.680 0.680 0.683 0.683 0.954 0.842 0.928 0.777 0.765 0.798 1.000 0.756 0.684 0.781 0.765 0.685 0.797 0.939 0.954 0.842 0.928 0.777 0.765 0.798 1.000 0.756 0.684 0.781 0.765 0.685 0.951 0.835 0.931 0.779 0.767 0.800 0.992
beear_plain_U_code_mbpp    0.728 0.726 0.730 0.727 0.758 0.923 0.741 0.632 0.681 0.632 0.756 1.000 0.677 0.700 0.572 0.729 0.643 0.765 0.758 0.923 0.741 0.632 0.681 0.632 0.756 1.000 0.677 0.700 0.572 0.729 0.752 0.918 0.736 0.638 0.683 0.628 0.759
beear_plain_U_json         0.741 0.740 0.742 0.741 0.689 0.738 0.681 0.622 0.574 0.577 0.684 0.677 1.000 0.585 0.511 0.624 0.564 0.703 0.689 0.738 0.681 0.622 0.574 0.577 0.684 0.677 1.000 0.585 0.511 0.624 0.689 0.728 0.668 0.632 0.576 0.591 0.691
beear_plain_U_latex        0.606 0.605 0.611 0.609 0.784 0.789 0.811 0.695 0.907 0.740 0.781 0.700 0.585 1.000 0.639 0.683 0.663 0.805 0.784 0.789 0.811 0.695 0.907 0.740 0.781 0.700 0.585 1.000 0.639 0.683 0.796 0.799 0.812 0.697 0.901 0.758 0.785
beear_plain_U_long_docs    0.524 0.525 0.526 0.526 0.772 0.648 0.784 0.624 0.652 0.733 0.765 0.572 0.511 0.639 1.000 0.524 0.573 0.775 0.772 0.648 0.784 0.624 0.652 0.733 0.765 0.572 0.511 0.639 1.000 0.524 0.765 0.647 0.789 0.634 0.657 0.735 0.761
beear_plain_U_sql          0.637 0.635 0.641 0.639 0.691 0.811 0.687 0.642 0.659 0.604 0.685 0.729 0.624 0.683 0.524 1.000 0.623 0.704 0.691 0.811 0.687 0.642 0.659 0.604 0.685 0.729 0.624 0.683 0.524 1.000 0.695 0.809 0.681 0.643 0.658 0.621 0.688
check_advbench             0.573 0.573 0.581 0.581 0.792 0.734 0.763 0.734 0.605 0.588 0.797 0.643 0.564 0.663 0.573 0.623 1.000 0.785 0.792 0.734 0.763 0.734 0.606 0.588 0.797 0.643 0.564 0.663 0.573 0.623 0.787 0.729 0.756 0.729 0.605 0.598 0.801
check_alpaca               0.687 0.687 0.692 0.691 0.985 0.876 0.962 0.818 0.776 0.812 0.939 0.765 0.703 0.805 0.775 0.704 0.785 1.000 0.985 0.876 0.962 0.818 0.776 0.812 0.939 0.765 0.703 0.805 0.775 0.704 0.984 0.875 0.962 0.826 0.780 0.826 0.945
plain_O_alpaca             0.674 0.674 0.678 0.678 1.000 0.861 0.954 0.807 0.760 0.803 0.954 0.758 0.689 0.784 0.772 0.691 0.792 0.985 1.000 0.861 0.954 0.807 0.760 0.803 0.954 0.758 0.689 0.784 0.772 0.691 0.989 0.859 0.955 0.811 0.763 0.810 0.958
plain_O_code               0.776 0.773 0.778 0.775 0.861 1.000 0.842 0.737 0.757 0.716 0.842 0.923 0.738 0.789 0.648 0.811 0.734 0.876 0.861 1.000 0.842 0.737 0.757 0.716 0.842 0.923 0.738 0.789 0.648 0.811 0.861 0.992 0.838 0.743 0.760 0.723 0.847
plain_O_dolly              0.677 0.677 0.681 0.680 0.954 0.842 1.000 0.806 0.798 0.875 0.928 0.741 0.681 0.811 0.784 0.687 0.763 0.962 0.954 0.842 1.000 0.806 0.798 0.875 0.928 0.741 0.681 0.811 0.784 0.687 0.953 0.837 0.989 0.810 0.802 0.880 0.933
plain_O_languages          0.596 0.596 0.603 0.602 0.807 0.737 0.806 1.000 0.650 0.685 0.777 0.632 0.622 0.695 0.624 0.642 0.734 0.818 0.807 0.737 0.806 1.000 0.650 0.685 0.777 0.632 0.622 0.695 0.624 0.642 0.808 0.733 0.798 0.985 0.651 0.713 0.783
plain_O_maths              0.599 0.599 0.602 0.601 0.760 0.757 0.798 0.650 1.000 0.774 0.765 0.681 0.574 0.907 0.652 0.659 0.606 0.776 0.760 0.757 0.798 0.650 1.000 0.774 0.765 0.681 0.574 0.907 0.652 0.659 0.771 0.764 0.799 0.650 0.996 0.781 0.768
plain_O_tables             0.598 0.598 0.599 0.600 0.804 0.716 0.875 0.685 0.774 1.000 0.798 0.632 0.577 0.740 0.733 0.604 0.588 0.812 0.803 0.716 0.875 0.685 0.774 1.000 0.798 0.632 0.577 0.740 0.733 0.604 0.812 0.714 0.875 0.685 0.780 0.980 0.798
plain_O_ultrachat          0.680 0.680 0.683 0.683 0.954 0.842 0.928 0.777 0.765 0.798 1.000 0.756 0.684 0.781 0.765 0.685 0.797 0.939 0.954 0.842 0.928 0.777 0.765 0.798 1.000 0.756 0.684 0.781 0.765 0.685 0.951 0.835 0.931 0.779 0.767 0.800 0.992
plain_U_code_mbpp          0.728 0.726 0.730 0.727 0.758 0.923 0.741 0.632 0.681 0.632 0.756 1.000 0.677 0.700 0.572 0.729 0.643 0.765 0.758 0.923 0.741 0.632 0.681 0.632 0.756 1.000 0.677 0.700 0.572 0.729 0.752 0.918 0.736 0.638 0.683 0.628 0.759
plain_U_json               0.741 0.740 0.742 0.741 0.689 0.738 0.681 0.622 0.574 0.577 0.684 0.677 1.000 0.585 0.511 0.624 0.564 0.703 0.689 0.738 0.681 0.622 0.574 0.577 0.684 0.677 1.000 0.585 0.511 0.624 0.689 0.728 0.668 0.632 0.576 0.591 0.691
plain_U_latex              0.606 0.605 0.611 0.609 0.784 0.789 0.811 0.695 0.907 0.740 0.781 0.700 0.585 1.000 0.639 0.683 0.663 0.805 0.784 0.789 0.811 0.695 0.907 0.740 0.781 0.700 0.585 1.000 0.639 0.683 0.796 0.799 0.812 0.697 0.901 0.758 0.785
plain_U_long_docs          0.524 0.525 0.526 0.526 0.772 0.648 0.784 0.624 0.652 0.733 0.765 0.572 0.511 0.639 1.000 0.524 0.573 0.775 0.772 0.648 0.784 0.624 0.652 0.733 0.765 0.572 0.511 0.639 1.000 0.524 0.765 0.647 0.789 0.634 0.657 0.735 0.761
plain_U_sql                0.637 0.635 0.641 0.639 0.691 0.811 0.687 0.642 0.659 0.604 0.685 0.729 0.624 0.683 0.524 1.000 0.623 0.704 0.691 0.811 0.687 0.642 0.659 0.604 0.685 0.729 0.624 0.683 0.524 1.000 0.695 0.809 0.681 0.643 0.658 0.621 0.688
plain_calib_alpaca         0.672 0.672 0.676 0.676 0.989 0.861 0.953 0.808 0.771 0.812 0.951 0.752 0.689 0.796 0.765 0.695 0.787 0.984 0.989 0.861 0.953 0.808 0.771 0.812 0.951 0.752 0.689 0.796 0.765 0.695 1.000 0.859 0.955 0.814 0.774 0.822 0.955
plain_calib_code           0.760 0.757 0.763 0.760 0.859 0.992 0.837 0.733 0.764 0.714 0.835 0.918 0.728 0.799 0.647 0.809 0.729 0.875 0.859 0.992 0.837 0.733 0.764 0.714 0.835 0.918 0.728 0.799 0.647 0.809 0.859 1.000 0.834 0.741 0.767 0.723 0.840
plain_calib_dolly          0.668 0.669 0.672 0.672 0.955 0.838 0.989 0.798 0.799 0.875 0.931 0.736 0.668 0.812 0.789 0.681 0.756 0.962 0.955 0.838 0.989 0.798 0.799 0.875 0.931 0.736 0.668 0.812 0.789 0.681 0.955 0.834 1.000 0.803 0.802 0.883 0.936
plain_calib_languages      0.610 0.610 0.617 0.616 0.811 0.743 0.810 0.985 0.650 0.685 0.779 0.638 0.632 0.697 0.634 0.643 0.729 0.826 0.811 0.743 0.810 0.985 0.650 0.685 0.779 0.638 0.632 0.697 0.634 0.643 0.814 0.741 0.803 1.000 0.652 0.716 0.784
plain_calib_maths          0.601 0.600 0.604 0.603 0.763 0.760 0.802 0.651 0.996 0.780 0.767 0.683 0.576 0.901 0.657 0.658 0.605 0.780 0.763 0.760 0.802 0.651 0.996 0.780 0.767 0.683 0.576 0.901 0.657 0.658 0.774 0.767 0.802 0.652 1.000 0.784 0.770
plain_calib_tables         0.602 0.602 0.604 0.604 0.810 0.723 0.880 0.713 0.781 0.980 0.800 0.628 0.591 0.758 0.735 0.621 0.598 0.826 0.810 0.723 0.880 0.713 0.781 0.980 0.800 0.628 0.591 0.758 0.735 0.621 0.822 0.723 0.883 0.716 0.784 1.000 0.800
plain_calib_ultrachat      0.685 0.685 0.689 0.689 0.958 0.847 0.933 0.783 0.768 0.798 0.992 0.759 0.691 0.785 0.761 0.688 0.801 0.945 0.958 0.847 0.933 0.783 0.768 0.798 0.992 0.759 0.691 0.785 0.761 0.688 0.955 0.840 0.936 0.784 0.770 0.800 1.000
IDENTICAL mean p4: beear_plain_O_dolly plain_O_dolly
IDENTICAL mean p4: beear_plain_O_languages plain_O_languages
IDENTICAL mean p4: beear_plain_O_tables plain_O_tables
IDENTICAL mean p4: beear_plain_O_ultrachat plain_O_ultrachat
IDENTICAL mean p4: beear_plain_U_code_mbpp plain_U_code_mbpp
IDENTICAL mean p4: beear_plain_U_json plain_U_json
IDENTICAL mean p4: beear_plain_U_long_docs plain_U_long_docs
IDENTICAL mean p4: beear_plain_U_sql plain_U_sql
